[INFO] Scanning for projects...
[INFO] 
[INFO] -----------------------< com.polytech:commandes >-----------------------
[INFO] Building commandes 0.0.1-SNAPSHOT
[INFO]   from pom.xml
[INFO] --------------------------------[ jar ]---------------------------------
[INFO] 
[INFO] >>> spring-boot:4.0.2:run (default-cli) > test-compile @ commandes >>>
[INFO] 
[INFO] --- resources:3.3.1:resources (default-resources) @ commandes ---
[INFO] Copying 4 resources from src/main/resources to target/classes
[INFO] Copying 0 resource from src/main/resources to target/classes
[INFO] 
[INFO] --- compiler:3.14.1:compile (default-compile) @ commandes ---
[INFO] Nothing to compile - all classes are up to date.
[INFO] 
[INFO] --- resources:3.3.1:testResources (default-testResources) @ commandes ---
[INFO] skip non existing resourceDirectory /Users/Apple/Downloads/commandes/src/test/resources
[INFO] 
[INFO] --- compiler:3.14.1:testCompile (default-testCompile) @ commandes ---
[INFO] Nothing to compile - all classes are up to date.
[INFO] 
[INFO] <<< spring-boot:4.0.2:run (default-cli) < test-compile @ commandes <<<
[INFO] 
[INFO] 
[INFO] --- spring-boot:4.0.2:run (default-cli) @ commandes ---
[INFO] Attaching agents: []

  .   ____          _            __ _ _
 /\\ / ___'_ __ _ _(_)_ __  __ _ \ \ \ \
( ( )\___ | '_ | '_| | '_ \/ _` | \ \ \ \
 \\/  ___)| |_)| | | | | || (_| |  ) ) ) )
  '  |____| .__|_| |_|_| |_\__, | / / / /
 =========|_|==============|___/=/_/_/_/

 :: Spring Boot ::                (v4.0.2)

2026-01-30T02:35:27.108Z  INFO 61567 --- [Boutique] [           main] c.p.commandes.CommandesApplication       : Starting CommandesApplication using Java 25.0.1 with PID 61567 (/Users/Apple/Downloads/commandes/target/classes started by Apple in /Users/Apple/Downloads/commandes)
2026-01-30T02:35:27.109Z  INFO 61567 --- [Boutique] [           main] c.p.commandes.CommandesApplication       : The following 1 profile is active: "dev"
2026-01-30T02:35:27.558Z  INFO 61567 --- [Boutique] [           main] .s.d.r.c.RepositoryConfigurationDelegate : Bootstrapping Spring Data JPA repositories in DEFAULT mode.
2026-01-30T02:35:27.590Z  INFO 61567 --- [Boutique] [           main] .s.d.r.c.RepositoryConfigurationDelegate : Finished Spring Data repository scanning in 23 ms. Found 4 JPA repository interfaces.
2026-01-30T02:35:27.791Z  INFO 61567 --- [Boutique] [           main] o.s.boot.tomcat.TomcatWebServer          : Tomcat initialized with port 8080 (http)
2026-01-30T02:35:27.798Z  INFO 61567 --- [Boutique] [           main] o.apache.catalina.core.StandardService   : Starting service [Tomcat]
2026-01-30T02:35:27.799Z  INFO 61567 --- [Boutique] [           main] o.apache.catalina.core.StandardEngine    : Starting Servlet engine: [Apache Tomcat/11.0.15]
2026-01-30T02:35:27.830Z  INFO 61567 --- [Boutique] [           main] b.w.c.s.WebApplicationContextInitializer : Root WebApplicationContext: initialization completed in 672 ms
2026-01-30T02:35:27.905Z  INFO 61567 --- [Boutique] [           main] org.hibernate.orm.jpa                    : HHH008540: Processing PersistenceUnitInfo [name: default]
2026-01-30T02:35:27.930Z  INFO 61567 --- [Boutique] [           main] org.hibernate.orm.core                   : HHH000001: Hibernate ORM core version 7.2.1.Final
2026-01-30T02:35:28.136Z  INFO 61567 --- [Boutique] [           main] o.s.o.j.p.SpringPersistenceUnitInfo      : No LoadTimeWeaver setup: ignoring JPA class transformer
2026-01-30T02:35:28.154Z  INFO 61567 --- [Boutique] [           main] com.zaxxer.hikari.HikariDataSource       : HikariPool-1 - Starting...
2026-01-30T02:35:28.243Z  INFO 61567 --- [Boutique] [           main] com.zaxxer.hikari.pool.HikariPool        : HikariPool-1 - Added connection conn0: url=jdbc:h2:mem:maz user=SA
2026-01-30T02:35:28.244Z  INFO 61567 --- [Boutique] [           main] com.zaxxer.hikari.HikariDataSource       : HikariPool-1 - Start completed.
2026-01-30T02:35:28.273Z  INFO 61567 --- [Boutique] [           main] org.hibernate.orm.connections.pooling    : HHH10001005: Database info:
	Database JDBC URL [jdbc:h2:mem:maz]
	Database driver: H2 JDBC Driver
	Database dialect: H2Dialect
	Database version: 2.4.240
	Default catalog/schema: MAZ/PUBLIC
	Autocommit mode: undefined/unknown
	Isolation level: READ_COMMITTED [default READ_COMMITTED]
	JDBC fetch size: 100
	Pool: DataSourceConnectionProvider
	Minimum pool size: undefined/unknown
	Maximum pool size: undefined/unknown
Hibernate: create global temporary table HTE_produit(prix numeric(38,2), rn_ integer not null, stock integer, id bigint, nom varchar(255), primary key (rn_)) transactional
2026-01-30T02:35:28.754Z  INFO 61567 --- [Boutique] [           main] org.hibernate.orm.core                   : HHH000489: No JTA platform available (set 'hibernate.transaction.jta.platform' to enable JTA platform integration)
Hibernate: drop table if exists client cascade 
Hibernate: drop table if exists commandes cascade 
Hibernate: drop table if exists lignes_commande cascade 
Hibernate: drop table if exists produit cascade 
Hibernate: drop sequence if exists produit_seq
Hibernate: create sequence produit_seq start with 1 increment by 50
Hibernate: create table client (id bigint generated by default as identity, email varchar(255) not null unique, nom varchar(255) not null, primary key (id))
Hibernate: create table commandes (total numeric(38,2), client_id bigint, date_commande timestamp(6), id bigint generated by default as identity, statut enum ('CANCELLED','CREATED','VALIDATED'), primary key (id))
Hibernate: create table lignes_commande (prix_unitaire numeric(38,2), quantite integer, commande_id bigint, id bigint generated by default as identity, produit_id bigint, primary key (id))
Hibernate: create table produit (prix numeric(38,2), stock integer, id bigint not null, nom varchar(255), primary key (id))
Hibernate: alter table if exists commandes add constraint FK746p2nil2uelrlv6lvaoc8xm2 foreign key (client_id) references client
Hibernate: alter table if exists lignes_commande add constraint FKtry44xh8jbos217m4nk3wyyem foreign key (commande_id) references commandes
Hibernate: alter table if exists lignes_commande add constraint FKmyrxmr96gn2141hv1l0k9ff8m foreign key (produit_id) references produit
2026-01-30T02:35:28.779Z  INFO 61567 --- [Boutique] [           main] j.LocalContainerEntityManagerFactoryBean : Initialized JPA EntityManagerFactory for persistence unit 'default'
2026-01-30T02:35:28.818Z  INFO 61567 --- [Boutique] [           main] o.s.d.j.r.query.QueryEnhancerFactories   : Hibernate is in classpath; If applicable, HQL parser will be used.
2026-01-30T02:35:29.200Z  WARN 61567 --- [Boutique] [           main] JpaBaseConfiguration$JpaWebConfiguration : spring.jpa.open-in-view is enabled by default. Therefore, database queries may be performed during view rendering. Explicitly configure spring.jpa.open-in-view to disable this warning
2026-01-30T02:35:29.432Z  INFO 61567 --- [Boutique] [           main] o.s.boot.tomcat.TomcatWebServer          : Tomcat started on port 8080 (http) with context path '/'
2026-01-30T02:35:29.436Z  INFO 61567 --- [Boutique] [           main] c.p.commandes.CommandesApplication       : Started CommandesApplication in 2.64 seconds (process running for 3.041)
Hibernate: select count(*) from client c1_0
Hibernate: insert into client (email,nom,id) values (?,?,default)
Hibernate: insert into client (email,nom,id) values (?,?,default)
Hibernate: select count(*) from produit p1_0
Hibernate: select next value for produit_seq
Hibernate: insert into produit (nom,prix,stock,id) values (?,?,?,?)
Hibernate: select next value for produit_seq
Hibernate: insert into produit (nom,prix,stock,id) values (?,?,?,?)
Hibernate: insert into produit (nom,prix,stock,id) values (?,?,?,?)
Hibernate: select c1_0.id,c1_0.email,c1_0.nom from client c1_0
Hibernate: select p1_0.id,p1_0.nom,p1_0.prix,p1_0.stock from produit p1_0 where p1_0.nom=?
Hibernate: select p1_0.id,p1_0.nom,p1_0.prix,p1_0.stock from produit p1_0 where p1_0.nom=?
Hibernate: select c1_0.id,c1_0.email,c1_0.nom from client c1_0 where c1_0.id=?
Hibernate: select p1_0.id,p1_0.nom,p1_0.prix,p1_0.stock from produit p1_0 where p1_0.id=?
Hibernate: select p1_0.id,p1_0.nom,p1_0.prix,p1_0.stock from produit p1_0 where p1_0.id=?
Hibernate: insert into commandes (client_id,date_commande,statut,total,id) values (?,?,?,?,default)
Hibernate: insert into lignes_commande (commande_id,prix_unitaire,produit_id,quantite,id) values (?,?,?,?,default)
Hibernate: insert into lignes_commande (commande_id,prix_unitaire,produit_id,quantite,id) values (?,?,?,?,default)
Hibernate: update produit set nom=?,prix=?,stock=? where id=?
Hibernate: update produit set nom=?,prix=?,stock=? where id=?
2026-01-30T02:35:29.572Z  WARN 61567 --- [Boutique] [           main] o.s.core.events.SpringDocAppInitializer  : SpringDoc /v3/api-docs endpoint is enabled by default. To disable it in production, set the property 'springdoc.api-docs.enabled=false'
2026-01-30T02:35:29.572Z  WARN 61567 --- [Boutique] [           main] o.s.core.events.SpringDocAppInitializer  : SpringDoc /swagger-ui.html endpoint is enabled by default. To disable it in production, set the property 'springdoc.swagger-ui.enabled=false'
2026-01-30T02:35:35.958Z  INFO 61567 --- [Boutique] [nio-8080-exec-1] o.a.c.c.C.[Tomcat].[localhost].[/]       : Initializing Spring DispatcherServlet 'dispatcherServlet'
2026-01-30T02:35:35.958Z  INFO 61567 --- [Boutique] [nio-8080-exec-1] o.s.web.servlet.DispatcherServlet        : Initializing Servlet 'dispatcherServlet'
2026-01-30T02:35:35.965Z  INFO 61567 --- [Boutique] [nio-8080-exec-1] o.s.web.servlet.DispatcherServlet        : Completed initialization in 7 ms
2026-01-30T02:35:38.038Z  INFO 61567 --- [Boutique] [nio-8080-exec-5] o.springdoc.api.AbstractOpenApiResource  : Init duration for springdoc-openapi is: 192 ms
Hibernate: select lc1_0.id,lc1_0.commande_id,lc1_0.prix_unitaire,lc1_0.produit_id,lc1_0.quantite from lignes_commande lc1_0 where lc1_0.id=?
